Package: DT
Type: Package
Title: A Wrapper of the JavaScript Library 'DataTables'
Version: 0.4
Authors@R: c(
    person("Yihui", "Xie", email = "xie@yihui.name", role = c("aut", "cre")),
    person("Joe", "Cheng", role = "ctb"),
    person("JJ", "Allaire", role = "ctb"),
    person("Xianying", "Tan", role = "ctb"),
    person("Maximilian", "Girlich", role = "ctb"),
    person("jQuery contributors", role = c("ctb", "cph"), comment = "jQuery in htmlwidgets/lib"),
    person("SpryMedia Limited", role = c("ctb", "cph"), comment = "DataTables in htmlwidgets/lib"),
    person("Brian", "Reavis", role = c("ctb", "cph"), comment = "selectize.js in htmlwidgets/lib"),
    person("Leon", "Gersen", role = c("ctb", "cph"), comment = "noUiSlider in htmlwidgets/lib"),
    person("Bartek", "Szopka", role = c("ctb", "cph"), comment = "jquery.highlight.js in htmlwidgets/lib"),
    person("RStudio Inc", role = "cph")
    )
Maintainer: Yihui Xie <xie@yihui.name>
Description: Data objects in R can be rendered as HTML tables using the
    JavaScript library 'DataTables' (typically via R Markdown or Shiny). The
    'DataTables' library has been included in this R package. The package name
    'DT' is an abbreviation of 'DataTables'.
URL: https://rstudio.github.io/DT
BugReports: https://github.com/rstudio/DT/issues
License: GPL-3 | file LICENSE
Imports: htmltools (>= 0.3.6), htmlwidgets (>= 1.0), magrittr,
        crosstalk
Suggests: jsonlite (>= 0.9.16), knitr (>= 1.8), rmarkdown, shiny (>=
        0.12.1)
VignetteBuilder: knitr
RoxygenNote: 6.0.1
NeedsCompilation: no
Packaged: 2018-01-30 21:06:51 UTC; yihui
Author: Yihui Xie [aut, cre],
  Joe Cheng [ctb],
  JJ Allaire [ctb],
  Xianying Tan [ctb],
  Maximilian Girlich [ctb],
  jQuery contributors [ctb, cph] (jQuery in htmlwidgets/lib),
  SpryMedia Limited [ctb, cph] (DataTables in htmlwidgets/lib),
  Brian Reavis [ctb, cph] (selectize.js in htmlwidgets/lib),
  Leon Gersen [ctb, cph] (noUiSlider in htmlwidgets/lib),
  Bartek Szopka [ctb, cph] (jquery.highlight.js in htmlwidgets/lib),
  RStudio Inc [cph]
Repository: RSPM
Date/Publication: 2018-01-30 22:54:05 UTC
Encoding: UTF-8


502dfda6fe48c0dfc2e2328028ae719c *DESCRIPTION
4f067e6ecc298741e67bfcf099364593 *LICENSE
467d95877dfae18df1623c253b98029c *NAMESPACE
f8750f476cf8bcea0431c0cf73f55353 *NEWS.md
3f5eb8844c5ddccec8b75911f179fbe3 *R/datatables.R
ea514de2cece2a6ca45e58cdfe06cad3 *R/format.R
630f2599bac4350e9ff5d4c2ad69ef6d *R/package.R
87c5334617acef9e9760c58833b64729 *R/shiny.R
c094a77b1e87021ea2f70440c9d68eb0 *R/utils.R
92156f44b4e59e48da7944878d303e0e *README.md
85894fadf72b3071d704e7ea7f1b0aab *build/vignette.rds
97220bb90a6566c9691c4f5bc1bb8c05 *inst/doc/DT.Rmd
31376d4378e664554c51eb7626e9350e *inst/doc/DT.html
71abd2a48dfda62caf5aefd1cfbc7010 *inst/examples/DT-click/DESCRIPTION
565bad45b8c6aaf40ac55af94202b66b *inst/examples/DT-click/Readme.md
d4800258fcd978916f24ca62ba637607 *inst/examples/DT-click/rsconnect/shinyapps.io/yihui/DT-click.dcf
630a972d522f75bb623802dd147a134d *inst/examples/DT-click/server.R
0a0e7deca1e76c230b07dad3e4fb2166 *inst/examples/DT-click/ui.R
16204ab837655d6e26b37738864d3a44 *inst/examples/DT-edit/DESCRIPTION
7a3c623282dd56e66613f308e9f38283 *inst/examples/DT-edit/Readme.md
9789e1209d349b50a7cef92873983161 *inst/examples/DT-edit/app.R
4ec5ebdaba939859b3fa5becd99387cb *inst/examples/DT-edit/rsconnect/shinyapps.io/yihui/DT-edit.dcf
bc3b531b3c774fd638f172ecbdf9187f *inst/examples/DT-filter/DESCRIPTION
f3526b9a6db174af24a13552072db152 *inst/examples/DT-filter/Readme.md
dcefb9d39dd5db650c19765dc063c1f4 *inst/examples/DT-filter/rsconnect/shinyapps.io/yihui/DT-filter.dcf
f0651d2cb2d852f51a5043b7cddae018 *inst/examples/DT-filter/server.R
054ad6c0c1af01630c858cbe0fe203fd *inst/examples/DT-filter/ui.R
c9710299bd7eb8704d75f550c8681399 *inst/examples/DT-info/DESCRIPTION
5345936d84f700715590c06e1037ed0c *inst/examples/DT-info/Readme.md
f675ee634656cb836154f3a3b942504f *inst/examples/DT-info/rsconnect/shinyapps.io/yihui/DT-info.dcf
bc6d2307c73585af1595443d79e8f2c4 *inst/examples/DT-info/server.R
05edf41db4adc5e312b1ebb95f25b46d *inst/examples/DT-info/ui.R
3c7d263df5dd1695190daac9b0e1ea97 *inst/examples/DT-proxy/DESCRIPTION
acd5186257855ab9f290e220cdbcd8ff *inst/examples/DT-proxy/Readme.md
c7058993f68fdbe2f4a9aa2c2625cae9 *inst/examples/DT-proxy/rsconnect/shinyapps.io/yihui/DT-proxy.dcf
4acbf0066c754cdc506e969d0a8e68aa *inst/examples/DT-proxy/server.R
c277d8db2230e9758c564dd95eb81925 *inst/examples/DT-proxy/ui.R
cfe4df1fb43445e2abf0a1ca36a68649 *inst/examples/DT-radio/DESCRIPTION
d6a315d2678ee1a07e6d3310d3868cf0 *inst/examples/DT-radio/Readme.md
819f3fcbd57c53fba2387bbd4d032bf5 *inst/examples/DT-radio/app.R
ab23760b4c9934c327e48a7bea0096eb *inst/examples/DT-radio/rsconnect/shinyapps.io/yihui/DT-radio.dcf
dcd2e12700b77e8c10c8f8715a36a838 *inst/examples/DT-reload/app.R
6d372ae0656a985bdf1f5b5bd9c660d3 *inst/examples/DT-rows/DESCRIPTION
607c9136a5507dfec7a25f0b0101fb3a *inst/examples/DT-rows/Readme.md
43513c70f29e16866a1985e55c7344ae *inst/examples/DT-rows/rsconnect/shinyapps.io/yihui/DT-rows.dcf
f375664ca866a07105b782d8cbed59a0 *inst/examples/DT-rows/server.R
597ceeb207a4d05ab5eb0fae3c579434 *inst/examples/DT-rows/ui.R
eedd9f92f16586ea8a86a0d0c6c9283b *inst/examples/DT-scroller/DESCRIPTION
c1dd22ab51a591ab24b3edbbf16e6257 *inst/examples/DT-scroller/Readme.md
aabc8eb30547367ae56ef49b20a2ada5 *inst/examples/DT-scroller/rsconnect/shinyapps.io/yihui/DT-scroller.dcf
07e7adcc9d9ed2dc56549f09166c8ee4 *inst/examples/DT-scroller/server.R
a2735279c67da5a6c86597c722c34a7a *inst/examples/DT-scroller/ui.R
57266ab113392a1be39612d3aacc6eb9 *inst/examples/DT-scroller/www/large.txt
b45bee37de59858ac17cb854ae8b4b93 *inst/examples/DT-selection/DESCRIPTION
3879a004b643b7f43aed244dc8913289 *inst/examples/DT-selection/Readme.md
29bd9f2250de876bd2614783802ecfa2 *inst/examples/DT-selection/rsconnect/shinyapps.io/yihui/DT-selection.dcf
994c252dca8c1bde7944b768bac2eeb2 *inst/examples/DT-selection/server.R
629973d4b3fef1f7df2f4412b61993e6 *inst/examples/DT-selection/ui.R
1a62e7809633d5a31589ac3fa2b2a862 *inst/examples/DT-shiny/server.R
3450a2681e8121d145603ebb0e6dee9d *inst/examples/DT-shiny/ui.R
494610fe3e185694e51f5f1c5c30da84 *inst/examples/ajax-shiny.R
25c4baab4bb7785952879618ee15cde5 *inst/examples/datatable.R
e55b84d0dd7949c07094d1d6079b16b8 *inst/htmlwidgets/css/datatables-crosstalk.css
9207c4ee5f5d58a6632a0a5d22c3c732 *inst/htmlwidgets/datatables.js
4172daeb4c203c23b0966e40e59f6386 *inst/htmlwidgets/datatables.yaml
7fb384e3400528342d9c0f2e36343608 *inst/htmlwidgets/lib/datatables-extensions/AutoFill/css/autoFill.bootstrap.min.css
e365bdd06a615171ce0c01207d5743aa *inst/htmlwidgets/lib/datatables-extensions/AutoFill/css/autoFill.bootstrap4.min.css
9fe81eb0ac694ee91d97c5d7a8b3ad43 *inst/htmlwidgets/lib/datatables-extensions/AutoFill/css/autoFill.dataTables.min.css
f34c916375f7d22ff8ca72e8e99f6d5a *inst/htmlwidgets/lib/datatables-extensions/AutoFill/css/autoFill.foundation.min.css
5109cc1d25519793e9767bd830fc6587 *inst/htmlwidgets/lib/datatables-extensions/AutoFill/css/autoFill.jqueryui.min.css
20c846a4253fab1430b2a0492c0b7fc3 *inst/htmlwidgets/lib/datatables-extensions/AutoFill/css/autoFill.semanticui.min.css
615f0c9efa4b2a26562d6381f7133a15 *inst/htmlwidgets/lib/datatables-extensions/AutoFill/js/autoFill.bootstrap.min.js
c3aa44c3d1fb39b46a5d27a641f7677d *inst/htmlwidgets/lib/datatables-extensions/AutoFill/js/autoFill.bootstrap4.min.js
cd11dfc1e0b17d914e35ebfdba45a350 *inst/htmlwidgets/lib/datatables-extensions/AutoFill/js/autoFill.foundation.min.js
8a9fbd30cbefac5d7415da678b0717e0 *inst/htmlwidgets/lib/datatables-extensions/AutoFill/js/autoFill.jqueryui.min.js
6ddeac626322d9efcfb0a806ecfdecbb *inst/htmlwidgets/lib/datatables-extensions/AutoFill/js/autoFill.semanticui.min.js
37cf80cf01eb2ee032877d1c468cfbf5 *inst/htmlwidgets/lib/datatables-extensions/AutoFill/js/dataTables.autoFill.min.js
9ea67163f47371936dcff08df05e623a *inst/htmlwidgets/lib/datatables-extensions/Buttons/css/buttons.bootstrap.min.css
15a2bfcd4310ad9cb317512ef93c4bf4 *inst/htmlwidgets/lib/datatables-extensions/Buttons/css/buttons.bootstrap4.min.css
675306abc9d3239314f2c66c0e22ef7a *inst/htmlwidgets/lib/datatables-extensions/Buttons/css/buttons.dataTables.min.css
ddfdfc7995b402e8f1b80e14716facf7 *inst/htmlwidgets/lib/datatables-extensions/Buttons/css/buttons.foundation.min.css
758e376e9a70b6311bd2677a621b6e86 *inst/htmlwidgets/lib/datatables-extensions/Buttons/css/buttons.jqueryui.min.css
1f03682828ffd907a0d7df59c29d5176 *inst/htmlwidgets/lib/datatables-extensions/Buttons/css/buttons.semanticui.min.css
1a87fa81aa1a02f5db6caf1262c14f78 *inst/htmlwidgets/lib/datatables-extensions/Buttons/js/buttons.bootstrap.min.js
e9a6e9f128575a9681f39e8d692424bd *inst/htmlwidgets/lib/datatables-extensions/Buttons/js/buttons.bootstrap4.min.js
18d718d978cfb584abc937475b62357d *inst/htmlwidgets/lib/datatables-extensions/Buttons/js/buttons.colVis.min.js
f4ccae978101a790629323a137f774e6 *inst/htmlwidgets/lib/datatables-extensions/Buttons/js/buttons.flash.min.js
d9f7715fd441c0728422a64e140bccad *inst/htmlwidgets/lib/datatables-extensions/Buttons/js/buttons.foundation.min.js
adbaca2f0275a04a0c99df4e11cedf26 *inst/htmlwidgets/lib/datatables-extensions/Buttons/js/buttons.html5.min.js
5eb95aac299957a5ba26c5e3a5574f45 *inst/htmlwidgets/lib/datatables-extensions/Buttons/js/buttons.jqueryui.min.js
c18cbe3bda10908b5e29d23235881392 *inst/htmlwidgets/lib/datatables-extensions/Buttons/js/buttons.print.min.js
8cee4ab13c1599b224a3109cc40a1404 *inst/htmlwidgets/lib/datatables-extensions/Buttons/js/buttons.semanticui.min.js
ad014e69900eb4825dfadfbd417606fd *inst/htmlwidgets/lib/datatables-extensions/Buttons/js/dataTables.buttons.min.js
88731e24340ce38647f6d595f0e464cb *inst/htmlwidgets/lib/datatables-extensions/Buttons/js/jszip.min.js
71b5d08a3237892f2661c1402dee48d6 *inst/htmlwidgets/lib/datatables-extensions/Buttons/js/pdfmake.min.js
f3770e5dd1c10449f7c17b600e3ec84c *inst/htmlwidgets/lib/datatables-extensions/Buttons/js/vfs_fonts.js
7a3a98577420d65babf2c9392398f9ca *inst/htmlwidgets/lib/datatables-extensions/Buttons/swf/flashExport.swf
a65ed2b82745029651afe388c3bea09e *inst/htmlwidgets/lib/datatables-extensions/ColReorder/css/colReorder.bootstrap.min.css
4f96b4632d8295f7e868aea3fc324025 *inst/htmlwidgets/lib/datatables-extensions/ColReorder/css/colReorder.bootstrap4.min.css
a2e75082bb806b3a302604cfc8e22540 *inst/htmlwidgets/lib/datatables-extensions/ColReorder/css/colReorder.dataTables.min.css
a38e667f12df509bfaf12efedf488d3a *inst/htmlwidgets/lib/datatables-extensions/ColReorder/css/colReorder.foundation.min.css
a2e75082bb806b3a302604cfc8e22540 *inst/htmlwidgets/lib/datatables-extensions/ColReorder/css/colReorder.jqueryui.min.css
294e03be61344c23b1b417c129dc5060 *inst/htmlwidgets/lib/datatables-extensions/ColReorder/css/colReorder.semanticui.min.css
3ef5adae1760dc51647dda938d47d33d *inst/htmlwidgets/lib/datatables-extensions/ColReorder/js/dataTables.colReorder.min.js
9d9741553338e2cfbe75334a9593e9aa *inst/htmlwidgets/lib/datatables-extensions/FixedColumns/css/fixedColumns.bootstrap.min.css
9d9741553338e2cfbe75334a9593e9aa *inst/htmlwidgets/lib/datatables-extensions/FixedColumns/css/fixedColumns.bootstrap4.min.css
194c3762df658fd5e90b39903c937591 *inst/htmlwidgets/lib/datatables-extensions/FixedColumns/css/fixedColumns.dataTables.min.css
12ade2c6e8b9cfc6e0132666ff2e2690 *inst/htmlwidgets/lib/datatables-extensions/FixedColumns/css/fixedColumns.foundation.min.css
14bfe593c7c77ea7bb60f9723a774245 *inst/htmlwidgets/lib/datatables-extensions/FixedColumns/css/fixedColumns.jqueryui.min.css
15a4f7c1d2a310269cf86e253ecc4e40 *inst/htmlwidgets/lib/datatables-extensions/FixedColumns/css/fixedColumns.semanticui.min.css
cb95882803e69ffc96c11bc561dfdb62 *inst/htmlwidgets/lib/datatables-extensions/FixedColumns/js/dataTables.fixedColumns.min.js
731a4e68b76887bcf0268681779ddac3 *inst/htmlwidgets/lib/datatables-extensions/FixedHeader/css/fixedHeader.bootstrap.min.css
731a4e68b76887bcf0268681779ddac3 *inst/htmlwidgets/lib/datatables-extensions/FixedHeader/css/fixedHeader.bootstrap4.min.css
446a1fe52d8ce74449ab8199e1134f6c *inst/htmlwidgets/lib/datatables-extensions/FixedHeader/css/fixedHeader.dataTables.min.css
731a4e68b76887bcf0268681779ddac3 *inst/htmlwidgets/lib/datatables-extensions/FixedHeader/css/fixedHeader.foundation.min.css
c815b27720b04006e2c5ff9deddb4131 *inst/htmlwidgets/lib/datatables-extensions/FixedHeader/css/fixedHeader.jqueryui.min.css
d3bf038ae876bef56b2ea070e28f9f86 *inst/htmlwidgets/lib/datatables-extensions/FixedHeader/css/fixedHeader.semanticui.min.css
5e921f5e451786d7c5f5c7178a8d9543 *inst/htmlwidgets/lib/datatables-extensions/FixedHeader/js/dataTables.fixedHeader.min.js
52e8c75cabe3c8f662e839d7af78dbb0 *inst/htmlwidgets/lib/datatables-extensions/KeyTable/css/keyTable.bootstrap.min.css
b6a50f527f0ff56f953ea7c132328084 *inst/htmlwidgets/lib/datatables-extensions/KeyTable/css/keyTable.bootstrap4.min.css
e82963d0bfaed314c00dfe1872a45b24 *inst/htmlwidgets/lib/datatables-extensions/KeyTable/css/keyTable.dataTables.min.css
b993874ebf41c40c365fc637d1f37023 *inst/htmlwidgets/lib/datatables-extensions/KeyTable/css/keyTable.foundation.min.css
e82963d0bfaed314c00dfe1872a45b24 *inst/htmlwidgets/lib/datatables-extensions/KeyTable/css/keyTable.jqueryui.min.css
113a53a2935265ed4f2cc9b3a9308777 *inst/htmlwidgets/lib/datatables-extensions/KeyTable/css/keyTable.semanticui.min.css
ba0e99edec9e1f26ad7cf1c85bb1098d *inst/htmlwidgets/lib/datatables-extensions/KeyTable/js/dataTables.keyTable.min.js
78150a090846e99391da26abdde754c0 *inst/htmlwidgets/lib/datatables-extensions/Responsive/css/responsive.bootstrap.min.css
afc7b70c382d961a1de3ed8cba38658a *inst/htmlwidgets/lib/datatables-extensions/Responsive/css/responsive.bootstrap4.min.css
04c6eef58f2710bfa5dc23247d61d32c *inst/htmlwidgets/lib/datatables-extensions/Responsive/css/responsive.dataTables.min.css
5151c4e1211f25cfacb6c934242d1062 *inst/htmlwidgets/lib/datatables-extensions/Responsive/css/responsive.foundation.min.css
04c6eef58f2710bfa5dc23247d61d32c *inst/htmlwidgets/lib/datatables-extensions/Responsive/css/responsive.jqueryui.min.css
daf04dd16da00bb491c81e69c073c73b *inst/htmlwidgets/lib/datatables-extensions/Responsive/css/responsive.semanticui.min.css
7ccda93e38c3787830a151865f9eb1af *inst/htmlwidgets/lib/datatables-extensions/Responsive/js/dataTables.responsive.min.js
e64bb08090f483a067ea8eebb849cdc1 *inst/htmlwidgets/lib/datatables-extensions/Responsive/js/responsive.bootstrap.min.js
8a903e1512c5f3bf6e3f9c4bb2bf9520 *inst/htmlwidgets/lib/datatables-extensions/Responsive/js/responsive.bootstrap4.min.js
943047c99587f0078800a328baee3832 *inst/htmlwidgets/lib/datatables-extensions/Responsive/js/responsive.foundation.min.js
4216eaba831080b1b916e76ecf4e0612 *inst/htmlwidgets/lib/datatables-extensions/Responsive/js/responsive.jqueryui.min.js
d5de8e2b00fd9f870bcb7fcb6f1e7d8d *inst/htmlwidgets/lib/datatables-extensions/Responsive/js/responsive.semanticui.min.js
3d68fbb20e9102f3e8f731d7efd66183 *inst/htmlwidgets/lib/datatables-extensions/RowGroup/css/rowGroup.bootstrap.min.css
3d68fbb20e9102f3e8f731d7efd66183 *inst/htmlwidgets/lib/datatables-extensions/RowGroup/css/rowGroup.bootstrap4.min.css
3d68fbb20e9102f3e8f731d7efd66183 *inst/htmlwidgets/lib/datatables-extensions/RowGroup/css/rowGroup.dataTables.min.css
3d68fbb20e9102f3e8f731d7efd66183 *inst/htmlwidgets/lib/datatables-extensions/RowGroup/css/rowGroup.foundation.min.css
3d68fbb20e9102f3e8f731d7efd66183 *inst/htmlwidgets/lib/datatables-extensions/RowGroup/css/rowGroup.jqueryui.min.css
838117e009f25170dd9398541ec73d73 *inst/htmlwidgets/lib/datatables-extensions/RowGroup/css/rowGroup.semanticui.min.css
7b3128ab7847b5101995268bc4fe175d *inst/htmlwidgets/lib/datatables-extensions/RowGroup/js/dataTables.rowGroup.min.js
72465228e4212e84e1700d8795dd04f5 *inst/htmlwidgets/lib/datatables-extensions/RowReorder/css/rowReorder.bootstrap.min.css
cee0131d90f76d4125831743f8459cd1 *inst/htmlwidgets/lib/datatables-extensions/RowReorder/css/rowReorder.bootstrap4.min.css
2904496643d6ad5935a8d7edafef22d2 *inst/htmlwidgets/lib/datatables-extensions/RowReorder/css/rowReorder.dataTables.min.css
72465228e4212e84e1700d8795dd04f5 *inst/htmlwidgets/lib/datatables-extensions/RowReorder/css/rowReorder.foundation.min.css
2904496643d6ad5935a8d7edafef22d2 *inst/htmlwidgets/lib/datatables-extensions/RowReorder/css/rowReorder.jqueryui.min.css
a1e98f195b9a18d71c56aa6a483ef670 *inst/htmlwidgets/lib/datatables-extensions/RowReorder/css/rowReorder.semanticui.min.css
d41d8cd98f00b204e9800998ecf8427e *inst/htmlwidgets/lib/datatables-extensions/RowReorder/js/dataTables.rowReorder.min.js
0fbb1127958ba6507640d4a3d0e3eeec *inst/htmlwidgets/lib/datatables-extensions/Scroller/css/scroller.bootstrap.min.css
0fbb1127958ba6507640d4a3d0e3eeec *inst/htmlwidgets/lib/datatables-extensions/Scroller/css/scroller.bootstrap4.min.css
582c940ca1a63b7b2b782f62ecce378a *inst/htmlwidgets/lib/datatables-extensions/Scroller/css/scroller.dataTables.min.css
608f7a9bb551645b5fe7380f00f2aeac *inst/htmlwidgets/lib/datatables-extensions/Scroller/css/scroller.foundation.min.css
582c940ca1a63b7b2b782f62ecce378a *inst/htmlwidgets/lib/datatables-extensions/Scroller/css/scroller.jqueryui.min.css
582c940ca1a63b7b2b782f62ecce378a *inst/htmlwidgets/lib/datatables-extensions/Scroller/css/scroller.semanticui.min.css
708e621ef55616888ff0a00b065c9d33 *inst/htmlwidgets/lib/datatables-extensions/Scroller/js/dataTables.scroller.min.js
d9d235541e25529b48e1d9c2dc1c9b9b *inst/htmlwidgets/lib/datatables-extensions/Select/css/select.bootstrap.min.css
b7d06721d5e64c3106d4108e065bfae9 *inst/htmlwidgets/lib/datatables-extensions/Select/css/select.bootstrap4.min.css
aebdacb509c7a9f9579a6b9aa15dec99 *inst/htmlwidgets/lib/datatables-extensions/Select/css/select.dataTables.min.css
636b63439831d3ea756dd8b38e5dc1e6 *inst/htmlwidgets/lib/datatables-extensions/Select/css/select.foundation.min.css
aebdacb509c7a9f9579a6b9aa15dec99 *inst/htmlwidgets/lib/datatables-extensions/Select/css/select.jqueryui.min.css
0a0129cd9682fd9bd827f0fa1e3cbdb9 *inst/htmlwidgets/lib/datatables-extensions/Select/css/select.semanticui.min.css
a496bbd9f57886067dae236fd5292b17 *inst/htmlwidgets/lib/datatables-extensions/Select/js/dataTables.select.min.js
010a96c3d76e148820c57a4aff5af682 *inst/htmlwidgets/lib/datatables-plugins/natural/natural.js
78cf11916e3215498cac2cf4e730af13 *inst/htmlwidgets/lib/datatables-plugins/searchHighlight/dataTables.searchHighlight.css
9c500c62bb908418fca2b05c531c5c64 *inst/htmlwidgets/lib/datatables-plugins/searchHighlight/dataTables.searchHighlight.min.js
34ad38f3a24b06eb8edf607540d01bb2 *inst/htmlwidgets/lib/datatables-plugins/searchHighlight/jquery.highlight.js
f22a42b3356e55416967b245402d0ebb *inst/htmlwidgets/lib/datatables/css/dataTables.bootstrap.extra.css
cfb70e19d0dcb5a064968a91c9d8f8e3 *inst/htmlwidgets/lib/datatables/css/dataTables.bootstrap.min.css
da05621c19688241057ea5b1b3852e77 *inst/htmlwidgets/lib/datatables/css/dataTables.bootstrap4.min.css
8ee0564bddc59a5b43b54941f65c3d53 *inst/htmlwidgets/lib/datatables/css/dataTables.foundation.min.css
95948783b942700a31a7df815c757529 *inst/htmlwidgets/lib/datatables/css/dataTables.jqueryui.min.css
9adca8410e07cff6729d272bd340b9c3 *inst/htmlwidgets/lib/datatables/css/dataTables.material.min.css
b642c7bb5e410654381db3223396b37a *inst/htmlwidgets/lib/datatables/css/dataTables.semanticui.min.css
2154f891df256a4e361adbacbc894d9d *inst/htmlwidgets/lib/datatables/css/dataTables.uikit.min.css
b41efe212c6d6d987839d62820c2a66d *inst/htmlwidgets/lib/datatables/css/jquery.dataTables.extra.css
523a67b65b2290876faee5336cc9b9cf *inst/htmlwidgets/lib/datatables/css/jquery.dataTables.min.css
19b11075f9b46a3cd26fb39a6f252b5d *inst/htmlwidgets/lib/datatables/js/dataTables.bootstrap.min.js
8254943567b15f5974aee554496908fa *inst/htmlwidgets/lib/datatables/js/dataTables.bootstrap4.min.js
a6641a2eccd8f4d087f87c1b3cea0cba *inst/htmlwidgets/lib/datatables/js/dataTables.foundation.min.js
7af2e9c4360e30e4e540e5800b90273a *inst/htmlwidgets/lib/datatables/js/dataTables.jqueryui.min.js
0c7c3dd54ca9b48ed347effbdfea18b5 *inst/htmlwidgets/lib/datatables/js/dataTables.material.min.js
cb56ec763e6f92bd82962427d3324cab *inst/htmlwidgets/lib/datatables/js/dataTables.semanticui.min.js
ff14bfb5ec3fa43dfa53336bc1a1d5df *inst/htmlwidgets/lib/datatables/js/dataTables.uikit.min.js
114c26084cb472c6a5f8b58908472ad7 *inst/htmlwidgets/lib/datatables/js/jquery.dataTables.min.js
a065111c8d473224e0819dcaada3dee4 *inst/htmlwidgets/lib/datatables/license.txt
5b034a7685fb002220584f0c43cdf927 *inst/htmlwidgets/lib/jquery/LICENSE.txt
4f252523d4af0b478c810c2547a63e19 *inst/htmlwidgets/lib/jquery/jquery.min.js
fef14b3d913646205551f27b94dce117 *inst/htmlwidgets/lib/nouislider/jquery.nouislider.min.css
a11083b61e4d8795588e25496cd35515 *inst/htmlwidgets/lib/nouislider/jquery.nouislider.min.js
573633e5eb0860d61ba2e59fd6b41389 *inst/htmlwidgets/lib/selectize/selectize.bootstrap3.css
146435eeda32f0e12bca8519f0da5ad9 *inst/htmlwidgets/lib/selectize/selectize.min.js
e8361adcbe78a4bd42e76320a892e746 *man/DT-imports.Rd
3d92c5924ab55925e4039d40209d94f8 *man/coerceValue.Rd
cdae0d2806a826484399ee39b2f2c50b *man/dataTableAjax.Rd
dff4f3af3fd28d1cf09a825734d734a1 *man/dataTableOutput.Rd
427f187436cc897077c4a36963b18d5d *man/datatable.Rd
4476a0d58329e22421847b391d293d42 *man/formatCurrency.Rd
34702715f47793cbb8ac75abfe55bb1b *man/proxy.Rd
34fabd983768c49f5565939cb524b3f0 *man/replaceData.Rd
570d508eeccefe8e5b74394a839116f4 *man/styleInterval.Rd
49d82f553cda217a65d2b44e82c92fd4 *man/tableHeader.Rd
97220bb90a6566c9691c4f5bc1bb8c05 *vignettes/DT.Rmd
